main_file                                                                                                               PAGE 1
                         1
                         2     cseg at 0h
0000 0120                3     ajmp init
                         4     cseg at 100h
                         5
                         6
                         7     ORG 0bh
****WARNING:ThisORGhaslowervaluethanthepreviousone
                         8
                         9
                        10
                        11     ORG 20h
                        12     init:
0020 75A892             13     mov IE, #10010010b
0023 758902             14     mov tmod, #00000010b
0026 759011             15     mov P1, #00010001b
0029 7F00               16     mov r7, #00h
002B 7E00               17     mov r6, #00h
002D D280               18     SETB P0.0
002F D281               19     SETB P0.1
0031 D282               20     SETB P0.2
                        21
                        22     checkPorts:
0033 1163               23     acall show
0035 20D50E             24     JB F0, buttonpressed
0038 A280               25     MOV C,P0.0
003A 4061               26     JC increaseleft
003C A281               27     MOV C,P0.1
003E 406B               28     JC increaseright
0040 A282               29     MOV C, P0.2
0042 4014               30     JC resetgame
0044 80ED               31     sjmp checkPorts
                        32
                        33     buttonpressed:
0046 1163               34     acall show
0048 A280               35     MOV C, P0.0
004A 40FA               36     JC buttonpressed
004C A281               37     MOV C, P0.1
004E 40F6               38     JC buttonpressed
0050 A282               39     MOV C, P0.2
0052 40F2               40     JC buttonpressed
0054 C2D5               41     CLR F0
0056 80DB               42     JMP checkports
                        43
                        44     resetgame:
0058 7E00               45     MOV R6, #00h
005A 7F00               46     MOV R7, #00h
005C 759011             47     mov P1, #00010001b
005F D2D5               48     SETB F0
0061 1133               49     acall checkPorts
                        50
                        51     show:
0063 900300             52     mov DPTR, #table
0066 EE                 53     mov a, R6
0067 75F00A             54     mov b, #0ah
006A 84                 55     div ab
006B F8                 56     mov R0, a
006C 93                 57     movc a,@a+dptr
006D FB                 58     mov r3, a
006E E8                 59     mov a, r0
006F C5F0               60     xch a,b
0071 93                 61     movc a, @a+dptr
0072 FA                 62     mov r2, a
                        63     ;----------------
0073 EF                 64     mov a, R7
0074 75F00A             65     mov b, #0ah
0077 84                 66     div ab
0078 F8                 67     mov R0, a
0079 93                 68     movc a,@a+dptr
007A FD                 69     mov r5, a
007B E8                 70     mov a, r0
007C C5F0               71     xch a,b
007E 93                 72     movc a, @a+dptr
007F FC                 73     mov r4, a
0080 120084             74     call ledmulti
0083 22                 75     ret
                        76
                        77     ledmulti:
0084 8AB0               78     mov P3, R2
0086 C2A0               79     clr P2.0
0088 D2A0               80     setb P2.0
                        81
008A 8BB0               82     mov P3, R3
008C C2A1               83     clr P2.1
008E D2A1               84     setb P2.1
                        85
0090 8CB0               86     mov P3, R4
0092 C2A2               87     clr P2.2
0094 D2A2               88     setb P2.2
                        89
0096 8DB0               90     mov P3, R5
0098 C2A3               91     clr P2.3
009A D2A3               92     setb P2.3
                        93
009C 22                 94     ret
                        95
                        96     increaseleft:
009D 209752             97     JB P1.7, ledmultiwinleft
00A0 209647             98     JB P1.6, ledmulti40left
00A3 20953C             99     JB P1.5, ledmulti30left
00A6 209431            100     JB P1.4, ledmulti15left
00A9 1133              101     acall checkPorts
                       102
                       103
                       104     increaseright:
00AB 209323            105     JB P1.3, ledmultiwinright
00AE 209218            106     JB P1.2, ledmulti40right
00B1 20910D            107     JB P1.1, ledmulti30right
00B4 209002            108     JB P1.0, ledmulti15right
00B7 1133              109     acall checkPorts
                       110
                       111     ledmulti15right:
00B9 D291              112     SETB P1.1
00BB 7E0F              113     mov R6, #0fh
00BD D2D5              114     SETB F0
00BF 1133              115     acall checkPorts
                       116
                       117     ledmulti30right:
00C1 D292              118     SETB P1.2
00C3 7E1E              119     mov R6, #1eh
00C5 D2D5              120     SETB F0
00C7 1133              121     acall checkPorts
                       122
                       123     ledmulti40right:
00C9 D293              124     SETB P1.3
00CB 7E28              125     mov R6, #28h
00CD D2D5              126     SETB F0
00CF 1133              127     acall checkPorts
                       128
                       129     ledmultiwinright:
00D1 309702            130     JNB P1.7, RIGHTWIN ;es steht x-40 mit x<=30
00D4 1133              131     acall checkPorts
                       132
                       133     RIGHTWIN:
00D6 D286              134     SETB P0.6 ;satzpunkt für rechts in port0 schieben
00D8 1133              135     acall checkPorts
                       136
                       137     ledmulti15left:
00DA D295              138     SETB P1.5
00DC 7F0F              139     mov R7, #0fh
00DE D2D5              140     SETB F0
00E0 1133              141     acall checkPorts
                       142
                       143     ledmulti30left:
00E2 D296              144     SETB P1.6
00E4 7F1E              145     mov R7, #1eh
00E6 D2D5              146     SETB F0
00E8 1133              147     acall checkPorts
                       148
                       149     ledmulti40left:
00EA D297              150     SETB P1.7
00EC 7F28              151     mov R7, #28h
00EE D2D5              152     SETB F0
00F0 1133              153     acall checkPorts
                       154
                       155     ledmultiwinleft:
00F2 309302            156     JNB P1.3, WINLEFT
00F5 1133              157     acall checkPorts
                       158
                       159     WINLEFT:
00F7 D287              160     SETB P0.7
00F9 1133              161     acall checkPorts
                       162
                       163     org 300h
                       164     table:
0300 C0                165     db 11000000b
0301 F9A4B0            166     db 11111001b, 10100100b, 10110000b
0304 999282            167     db 10011001b, 10010010b, 10000010b
0307 F88090            168     db 11111000b, 10000000b, 10010000b
                       169
                       170     end
ASSEMBLY COMPLETE, NO ERRORS FOUND, 1 WARNING


ERROR SUMMARY:
Line 7, WARNING:ThisORGhaslowervaluethanthepreviousone

SYMBOL TABLE:
??MCU_8051_IDE . . . . . . . . . . .  N  NUMB  8051H  NOT USED
??VERSION. . . . . . . . . . . . . .  N  NUMB  0149H  NOT USED
AC . . . . . . . . . . . . . . . . .  B  ADDR  00D6H  NOT USED
ACC. . . . . . . . . . . . . . . . .  D  ADDR  00E0H  NOT USED
ACSR . . . . . . . . . . . . . . . .  D  ADDR  0097H  NOT USED
ADCF . . . . . . . . . . . . . . . .  D  ADDR  00F6H  NOT USED
ADCLK. . . . . . . . . . . . . . . .  D  ADDR  00F2H  NOT USED
ADCON. . . . . . . . . . . . . . . .  D  ADDR  00F3H  NOT USED
ADDH . . . . . . . . . . . . . . . .  D  ADDR  00F5H  NOT USED
ADDL . . . . . . . . . . . . . . . .  D  ADDR  00F4H  NOT USED
AUXR . . . . . . . . . . . . . . . .  D  ADDR  008EH  NOT USED
AUXR1. . . . . . . . . . . . . . . .  D  ADDR  00A2H  NOT USED
B. . . . . . . . . . . . . . . . . .  D  ADDR  00F0H
BDRCON . . . . . . . . . . . . . . .  D  ADDR  009BH  NOT USED
BDRCON_1 . . . . . . . . . . . . . .  D  ADDR  009CH  NOT USED
BRL. . . . . . . . . . . . . . . . .  D  ADDR  009AH  NOT USED
BUTTONPRESSED. . . . . . . . . . . .  C  ADDR  0046H
CCAP0H . . . . . . . . . . . . . . .  D  ADDR  00FAH  NOT USED
CCAP0L . . . . . . . . . . . . . . .  D  ADDR  00EAH  NOT USED
CCAP1H . . . . . . . . . . . . . . .  D  ADDR  00FBH  NOT USED
CCAP1L . . . . . . . . . . . . . . .  D  ADDR  00EBH  NOT USED
CCAP2H . . . . . . . . . . . . . . .  D  ADDR  00FCH  NOT USED
CCAP3H . . . . . . . . . . . . . . .  D  ADDR  00FDH  NOT USED
CCAP4H . . . . . . . . . . . . . . .  D  ADDR  00FEH  NOT USED
CCAPL2H. . . . . . . . . . . . . . .  D  ADDR  00FCH  NOT USED
CCAPL2L. . . . . . . . . . . . . . .  D  ADDR  00ECH  NOT USED
CCAPL3H. . . . . . . . . . . . . . .  D  ADDR  00FDH  NOT USED
CCAPL3L. . . . . . . . . . . . . . .  D  ADDR  00EDH  NOT USED
CCAPL4H. . . . . . . . . . . . . . .  D  ADDR  00FEH  NOT USED
CCAPL4L. . . . . . . . . . . . . . .  D  ADDR  00EEH  NOT USED
CCAPM0 . . . . . . . . . . . . . . .  D  ADDR  00DAH  NOT USED
CCAPM1 . . . . . . . . . . . . . . .  D  ADDR  00DBH  NOT USED
CCAPM2 . . . . . . . . . . . . . . .  D  ADDR  00DCH  NOT USED
CCAPM3 . . . . . . . . . . . . . . .  D  ADDR  00DDH  NOT USED
CCAPM4 . . . . . . . . . . . . . . .  D  ADDR  00DEH  NOT USED
CCF0 . . . . . . . . . . . . . . . .  B  ADDR  00D8H  NOT USED
CCF1 . . . . . . . . . . . . . . . .  B  ADDR  00D9H  NOT USED
CCF2 . . . . . . . . . . . . . . . .  B  ADDR  00DAH  NOT USED
CCF3 . . . . . . . . . . . . . . . .  B  ADDR  00DBH  NOT USED
CCF4 . . . . . . . . . . . . . . . .  B  ADDR  00DCH  NOT USED
CCON . . . . . . . . . . . . . . . .  D  ADDR  00D8H  NOT USED
CFINT. . . . . . . . . . . . . . . .  C  ADDR  0033H  NOT USED
CH . . . . . . . . . . . . . . . . .  D  ADDR  00F9H  NOT USED
CHECKPORTS . . . . . . . . . . . . .  C  ADDR  0033H
CKCON. . . . . . . . . . . . . . . .  D  ADDR  008FH  NOT USED
CKCON0 . . . . . . . . . . . . . . .  D  ADDR  008FH  NOT USED
CKRL . . . . . . . . . . . . . . . .  D  ADDR  0097H  NOT USED
CKSEL. . . . . . . . . . . . . . . .  D  ADDR  0085H  NOT USED
CL . . . . . . . . . . . . . . . . .  D  ADDR  00E9H  NOT USED
CLKREG . . . . . . . . . . . . . . .  D  ADDR  008FH  NOT USED
CMOD . . . . . . . . . . . . . . . .  D  ADDR  00D9H  NOT USED
CPRL2. . . . . . . . . . . . . . . .  B  ADDR  00C8H  NOT USED
CR . . . . . . . . . . . . . . . . .  B  ADDR  00DEH  NOT USED
CT2. . . . . . . . . . . . . . . . .  B  ADDR  00C9H  NOT USED
CY . . . . . . . . . . . . . . . . .  B  ADDR  00D7H  NOT USED
DP0H . . . . . . . . . . . . . . . .  D  ADDR  0083H  NOT USED
DP0L . . . . . . . . . . . . . . . .  D  ADDR  0082H  NOT USED
DP1H . . . . . . . . . . . . . . . .  D  ADDR  0085H  NOT USED
DP1L . . . . . . . . . . . . . . . .  D  ADDR  0084H  NOT USED
DPH. . . . . . . . . . . . . . . . .  D  ADDR  0083H  NOT USED
DPL. . . . . . . . . . . . . . . . .  D  ADDR  0082H  NOT USED
EA . . . . . . . . . . . . . . . . .  B  ADDR  00AFH  NOT USED
EC . . . . . . . . . . . . . . . . .  B  ADDR  00AEH  NOT USED
EECON. . . . . . . . . . . . . . . .  D  ADDR  0096H  NOT USED
ES . . . . . . . . . . . . . . . . .  B  ADDR  00ACH  NOT USED
ET0. . . . . . . . . . . . . . . . .  B  ADDR  00A9H  NOT USED
ET1. . . . . . . . . . . . . . . . .  B  ADDR  00ABH  NOT USED
ET2. . . . . . . . . . . . . . . . .  B  ADDR  00ADH  NOT USED
EX0. . . . . . . . . . . . . . . . .  B  ADDR  00A8H  NOT USED
EX1. . . . . . . . . . . . . . . . .  B  ADDR  00AAH  NOT USED
EXEN2. . . . . . . . . . . . . . . .  B  ADDR  00CBH  NOT USED
EXF2 . . . . . . . . . . . . . . . .  B  ADDR  00CEH  NOT USED
EXTI0. . . . . . . . . . . . . . . .  C  ADDR  0003H  NOT USED
EXTI1. . . . . . . . . . . . . . . .  C  ADDR  0013H  NOT USED
F0 . . . . . . . . . . . . . . . . .  B  ADDR  00D5H
FE . . . . . . . . . . . . . . . . .  B  ADDR  009FH  NOT USED
IE . . . . . . . . . . . . . . . . .  D  ADDR  00A8H
IE0. . . . . . . . . . . . . . . . .  B  ADDR  0089H  NOT USED
IE1. . . . . . . . . . . . . . . . .  B  ADDR  008BH  NOT USED
INCREASELEFT . . . . . . . . . . . .  C  ADDR  009DH
INCREASERIGHT. . . . . . . . . . . .  C  ADDR  00ABH
INIT . . . . . . . . . . . . . . . .  C  ADDR  0020H
INT0 . . . . . . . . . . . . . . . .  B  ADDR  00B2H  NOT USED
INT1 . . . . . . . . . . . . . . . .  B  ADDR  00B3H  NOT USED
IP . . . . . . . . . . . . . . . . .  D  ADDR  00B8H  NOT USED
IPH. . . . . . . . . . . . . . . . .  D  ADDR  00B7H  NOT USED
IPH0 . . . . . . . . . . . . . . . .  D  ADDR  00B7H  NOT USED
IPH1 . . . . . . . . . . . . . . . .  D  ADDR  00B3H  NOT USED
IPL0 . . . . . . . . . . . . . . . .  D  ADDR  00B8H  NOT USED
IPL1 . . . . . . . . . . . . . . . .  D  ADDR  00B2H  NOT USED
IT0. . . . . . . . . . . . . . . . .  B  ADDR  0088H  NOT USED
IT1. . . . . . . . . . . . . . . . .  B  ADDR  008AH  NOT USED
KBE. . . . . . . . . . . . . . . . .  D  ADDR  009DH  NOT USED
KBF. . . . . . . . . . . . . . . . .  D  ADDR  009EH  NOT USED
KBLS . . . . . . . . . . . . . . . .  D  ADDR  009CH  NOT USED
LEDMULTI . . . . . . . . . . . . . .  C  ADDR  0084H
LEDMULTI15LEFT . . . . . . . . . . .  C  ADDR  00DAH
LEDMULTI15RIGHT. . . . . . . . . . .  C  ADDR  00B9H
LEDMULTI30LEFT . . . . . . . . . . .  C  ADDR  00E2H
LEDMULTI30RIGHT. . . . . . . . . . .  C  ADDR  00C1H
LEDMULTI40LEFT . . . . . . . . . . .  C  ADDR  00EAH
LEDMULTI40RIGHT. . . . . . . . . . .  C  ADDR  00C9H
LEDMULTIWINLEFT. . . . . . . . . . .  C  ADDR  00F2H
LEDMULTIWINRIGHT . . . . . . . . . .  C  ADDR  00D1H
OSCCON . . . . . . . . . . . . . . .  D  ADDR  0086H  NOT USED
OV . . . . . . . . . . . . . . . . .  B  ADDR  00D2H  NOT USED
P. . . . . . . . . . . . . . . . . .  B  ADDR  00D0H  NOT USED
P0 . . . . . . . . . . . . . . . . .  D  ADDR  0080H
P1 . . . . . . . . . . . . . . . . .  D  ADDR  0090H
P1M1 . . . . . . . . . . . . . . . .  D  ADDR  00D4H  NOT USED
P1M2 . . . . . . . . . . . . . . . .  D  ADDR  00E2H  NOT USED
P2 . . . . . . . . . . . . . . . . .  D  ADDR  00A0H
P3 . . . . . . . . . . . . . . . . .  D  ADDR  00B0H
P3M1 . . . . . . . . . . . . . . . .  D  ADDR  00D5H  NOT USED
P3M2 . . . . . . . . . . . . . . . .  D  ADDR  00E3H  NOT USED
P4 . . . . . . . . . . . . . . . . .  D  ADDR  00C0H  NOT USED
P4M1 . . . . . . . . . . . . . . . .  D  ADDR  00D6H  NOT USED
P4M2 . . . . . . . . . . . . . . . .  D  ADDR  00E4H  NOT USED
P5 . . . . . . . . . . . . . . . . .  D  ADDR  00E8H  NOT USED
PC . . . . . . . . . . . . . . . . .  B  ADDR  00BEH  NOT USED
PCON . . . . . . . . . . . . . . . .  D  ADDR  0087H  NOT USED
PPCL . . . . . . . . . . . . . . . .  B  ADDR  00BEH  NOT USED
PS . . . . . . . . . . . . . . . . .  B  ADDR  00BCH  NOT USED
PSL. . . . . . . . . . . . . . . . .  B  ADDR  00BCH  NOT USED
PSW. . . . . . . . . . . . . . . . .  D  ADDR  00D0H  NOT USED
PT0. . . . . . . . . . . . . . . . .  B  ADDR  00B9H  NOT USED
PT0L . . . . . . . . . . . . . . . .  B  ADDR  00B9H  NOT USED
PT1. . . . . . . . . . . . . . . . .  B  ADDR  00BBH  NOT USED
PT1L . . . . . . . . . . . . . . . .  B  ADDR  00BBH  NOT USED
PT2. . . . . . . . . . . . . . . . .  B  ADDR  00BDH  NOT USED
PT2L . . . . . . . . . . . . . . . .  B  ADDR  00BDH  NOT USED
PX0. . . . . . . . . . . . . . . . .  B  ADDR  00B8H  NOT USED
PX0L . . . . . . . . . . . . . . . .  B  ADDR  00B8H  NOT USED
PX1. . . . . . . . . . . . . . . . .  B  ADDR  00BAH  NOT USED
PX1L . . . . . . . . . . . . . . . .  B  ADDR  00BAH  NOT USED
RB8. . . . . . . . . . . . . . . . .  B  ADDR  009AH  NOT USED
RCAP2H . . . . . . . . . . . . . . .  D  ADDR  00CBH  NOT USED
RCAP2L . . . . . . . . . . . . . . .  D  ADDR  00CAH  NOT USED
RCLK . . . . . . . . . . . . . . . .  B  ADDR  00CDH  NOT USED
RD . . . . . . . . . . . . . . . . .  B  ADDR  00B7H  NOT USED
REN. . . . . . . . . . . . . . . . .  B  ADDR  009CH  NOT USED
RESET. . . . . . . . . . . . . . . .  C  ADDR  0000H  NOT USED
RESETGAME. . . . . . . . . . . . . .  C  ADDR  0058H
RI . . . . . . . . . . . . . . . . .  B  ADDR  0098H  NOT USED
RIGHTWIN . . . . . . . . . . . . . .  C  ADDR  00D6H
RS0. . . . . . . . . . . . . . . . .  B  ADDR  00D3H  NOT USED
RS1. . . . . . . . . . . . . . . . .  B  ADDR  00D4H  NOT USED
RXD. . . . . . . . . . . . . . . . .  B  ADDR  00B0H  NOT USED
SADDR. . . . . . . . . . . . . . . .  D  ADDR  00A9H  NOT USED
SADDR_0. . . . . . . . . . . . . . .  D  ADDR  00A9H  NOT USED
SADDR_1. . . . . . . . . . . . . . .  D  ADDR  00AAH  NOT USED
SADEN. . . . . . . . . . . . . . . .  D  ADDR  00B9H  NOT USED
SADEN_0. . . . . . . . . . . . . . .  D  ADDR  00B9H  NOT USED
SADEN_1. . . . . . . . . . . . . . .  D  ADDR  00BAH  NOT USED
SBUF . . . . . . . . . . . . . . . .  D  ADDR  0099H  NOT USED
SCON . . . . . . . . . . . . . . . .  D  ADDR  0098H  NOT USED
SHOW . . . . . . . . . . . . . . . .  C  ADDR  0063H
SINT . . . . . . . . . . . . . . . .  C  ADDR  0023H  NOT USED
SM0. . . . . . . . . . . . . . . . .  B  ADDR  009FH  NOT USED
SM1. . . . . . . . . . . . . . . . .  B  ADDR  009EH  NOT USED
SM2. . . . . . . . . . . . . . . . .  B  ADDR  009DH  NOT USED
SP . . . . . . . . . . . . . . . . .  D  ADDR  0081H  NOT USED
SPCON. . . . . . . . . . . . . . . .  D  ADDR  00C3H  NOT USED
SPCR . . . . . . . . . . . . . . . .  D  ADDR  00D5H  NOT USED
SPDAT. . . . . . . . . . . . . . . .  D  ADDR  00C5H  NOT USED
SPDR . . . . . . . . . . . . . . . .  D  ADDR  0086H  NOT USED
SPSR . . . . . . . . . . . . . . . .  D  ADDR  00AAH  NOT USED
SPSTA. . . . . . . . . . . . . . . .  D  ADDR  00C4H  NOT USED
T0 . . . . . . . . . . . . . . . . .  B  ADDR  00B4H  NOT USED
T1 . . . . . . . . . . . . . . . . .  B  ADDR  00B5H  NOT USED
T2CON. . . . . . . . . . . . . . . .  D  ADDR  00C8H  NOT USED
T2MOD. . . . . . . . . . . . . . . .  D  ADDR  00C9H  NOT USED
TABLE. . . . . . . . . . . . . . . .  C  ADDR  0300H
TB8. . . . . . . . . . . . . . . . .  B  ADDR  009BH  NOT USED
TCLK . . . . . . . . . . . . . . . .  B  ADDR  00CCH  NOT USED
TCON . . . . . . . . . . . . . . . .  D  ADDR  0088H  NOT USED
TF0. . . . . . . . . . . . . . . . .  B  ADDR  008DH  NOT USED
TF1. . . . . . . . . . . . . . . . .  B  ADDR  008FH  NOT USED
TF2. . . . . . . . . . . . . . . . .  B  ADDR  00CFH  NOT USED
TH0. . . . . . . . . . . . . . . . .  D  ADDR  008CH  NOT USED
TH1. . . . . . . . . . . . . . . . .  D  ADDR  008DH  NOT USED
TH2. . . . . . . . . . . . . . . . .  D  ADDR  00CDH  NOT USED
TI . . . . . . . . . . . . . . . . .  B  ADDR  0099H  NOT USED
TIMER0 . . . . . . . . . . . . . . .  C  ADDR  000BH  NOT USED
TIMER1 . . . . . . . . . . . . . . .  C  ADDR  001BH  NOT USED
TIMER2 . . . . . . . . . . . . . . .  C  ADDR  002BH  NOT USED
TL0. . . . . . . . . . . . . . . . .  D  ADDR  008AH  NOT USED
TL1. . . . . . . . . . . . . . . . .  D  ADDR  008BH  NOT USED
TL2. . . . . . . . . . . . . . . . .  D  ADDR  00CCH  NOT USED
TMOD . . . . . . . . . . . . . . . .  D  ADDR  0089H
TR0. . . . . . . . . . . . . . . . .  B  ADDR  008CH  NOT USED
TR1. . . . . . . . . . . . . . . . .  B  ADDR  008EH  NOT USED
TR2. . . . . . . . . . . . . . . . .  B  ADDR  00CAH  NOT USED
TXD. . . . . . . . . . . . . . . . .  B  ADDR  00B1H  NOT USED
WDTCON . . . . . . . . . . . . . . .  D  ADDR  00A7H  NOT USED
WDTPRG . . . . . . . . . . . . . . .  D  ADDR  00A7H  NOT USED
WDTRST . . . . . . . . . . . . . . .  D  ADDR  00A6H  NOT USED
WINLEFT. . . . . . . . . . . . . . .  C  ADDR  00F7H
WR . . . . . . . . . . . . . . . . .  B  ADDR  00B6H  NOT USED